../Core/Src/main.c:98:5:main	8	static
../Core/Src/main.c:158:6:SystemClock_Config	88	static
../Core/Src/main.c:206:13:MX_CRC_Init	8	static
../Core/Src/main.c:232:13:MX_USART2_UART_Init	8	static
../Core/Src/main.c:265:13:MX_USART3_UART_Init	8	static
../Core/Src/main.c:298:13:MX_GPIO_Init	48	static
../Core/Src/main.c:345:13:printmsg	96	static
../Core/Src/main.c:361:6:bootloader_uart_read_data	16	static
../Core/Src/main.c:421:6:bootloader_jump_to_user_app	24	static,ignoring_inline_asm
../Core/Src/main.c:445:6:bootloader_handle_getver_cmd	32	static
../Core/Src/main.c:479:6:bootloader_handle_gethelp_cmd	16	static
../Core/Src/main.c:484:6:bootloader_handle_getcid_cmd	16	static
../Core/Src/main.c:489:6:bootloader_handle_getrdp_cmd	16	static
../Core/Src/main.c:494:6:bootloader_handle_go_cmd	16	static
../Core/Src/main.c:499:6:bootloader_handle_flash_erase_cmd	16	static
../Core/Src/main.c:504:6:bootloader_handle_mem_write_cmd	16	static
../Core/Src/main.c:509:6:bootloader_handle_en_rw_protect	16	static
../Core/Src/main.c:514:6:bootloader_handle_mem_read	16	static
../Core/Src/main.c:519:6:bootloader_handle_read_sector_protection_status	16	static
../Core/Src/main.c:524:6:bootloader_handle_read_otp	16	static
../Core/Src/main.c:529:6:bootloader_handle_dis_rw_protect	16	static
../Core/Src/main.c:535:9:bootloader_verify_crc	40	static
../Core/Src/main.c:552:6:bootloader_send_ack	24	static
../Core/Src/main.c:562:6:bootloader_send_nack	16	static
../Core/Src/main.c:568:9:get_bootloader_version	4	static
../Core/Src/main.c:573:6:bootloader_uart_write_data	16	static
../Core/Src/main.c:583:6:Error_Handler	4	static,ignoring_inline_asm
